SOURCE_BINDING_NORMALIZATION_PASS
NON_TARGET_ISOLATION_PASS stage=memory methods=2296
NON_TARGET_ISOLATION_PASS stage=reopened methods=2296
NATIVE8_PATCH_PASS linked=True input_mvid=fdcf3f07-8111-41b3-8240-087184183dde output_mvid=fdcf3f07-8111-41b3-8240-087184183dde
TARGET token=0x06000776 System.Boolean TMPro.Examples.SkewTextExample/<WarpText>d__7::MoveNext() code_size=1834 il=492 locals=28 eh=0
NON_TARGET_ISOLATION_PASS stage=memory methods=2296
NON_TARGET_ISOLATION_PASS stage=reopened methods=2296
NATIVE8_PATCH_PASS linked=True input_mvid=fdcf3f07-8111-41b3-8240-087184183dde output_mvid=fdcf3f07-8111-41b3-8240-087184183dde
TARGET token=0x06000776 System.Boolean TMPro.Examples.SkewTextExample/<WarpText>d__7::MoveNext() code_size=1834 il=492 locals=28 eh=0
linked_input_sha256=1e0d01ce2ce4af4c7e43cc97044306871de4c8ba064b90d190802d3048634aca
linked_native8_sha256=910a1a23f2d97eca8756b2be99591e0c14209a60fd02c2bd816f349796864138
effective_patcher_program_sha256=fa111f61f1c875cd5919d1a0866683f346399b23c638c02a022149f4e1a5319b
reference_fallbacks_sha256=8503e99b3ea3326c150346f27a79a648cf7d87bee3341777907621ba7add2973
linked_deterministic_pair=PASS
target=TMPro.Examples.SkewTextExample/<WarpText>d__7::MoveNext
production_promotion=NO
NATIVE8_LINKED_PATCH_PASS
NON_TARGET_ISOLATION_PASS stage=memory methods=2296
NON_TARGET_ISOLATION_PASS stage=reopened methods=2296
NATIVE9_PATCH_PASS input_mvid=fdcf3f07-8111-41b3-8240-087184183dde output_mvid=fdcf3f07-8111-41b3-8240-087184183dde
TARGET token=0x060004A3 System.Boolean Zombie::ZC_PoleTestJump() code_size=310 il=101 locals=6 eh=0
NON_TARGET_ISOLATION_PASS stage=memory methods=2296
NON_TARGET_ISOLATION_PASS stage=reopened methods=2296
NATIVE9_PATCH_PASS input_mvid=fdcf3f07-8111-41b3-8240-087184183dde output_mvid=fdcf3f07-8111-41b3-8240-087184183dde
TARGET token=0x060004A3 System.Boolean Zombie::ZC_PoleTestJump() code_size=310 il=101 locals=6 eh=0
linked_native7_sha256=1e0d01ce2ce4af4c7e43cc97044306871de4c8ba064b90d190802d3048634aca
linked_native8_sha256=910a1a23f2d97eca8756b2be99591e0c14209a60fd02c2bd816f349796864138
linked_native9_sha256=6b0acdd62e595762c6a529b4b8e8908df1a560e52bdb3b5458cd1fb1c361a241
linked_deterministic_pair=PASS
targets=SkewTextExample/<WarpText>d__7::MoveNext,Zombie::ZC_PoleTestJump
production_promotion=NO
NATIVE9_LINKED_PATCH_PASS
NON_TARGET_ISOLATION_PASS stage=memory methods=2296
NON_TARGET_ISOLATION_PASS stage=reopened methods=2296
NATIVE10_PATCH_PASS linked=True input_mvid=fdcf3f07-8111-41b3-8240-087184183dde output_mvid=fdcf3f07-8111-41b3-8240-087184183dde
TARGET token=0x0600081C System.Boolean TMPro.Examples.WarpTextExample/<WarpText>d__8::MoveNext() code_size=1530 il=411 locals=25 eh=0
NON_TARGET_ISOLATION_PASS stage=memory methods=2296
NON_TARGET_ISOLATION_PASS stage=reopened methods=2296
NATIVE10_PATCH_PASS linked=True input_mvid=fdcf3f07-8111-41b3-8240-087184183dde output_mvid=fdcf3f07-8111-41b3-8240-087184183dde
TARGET token=0x0600081C System.Boolean TMPro.Examples.WarpTextExample/<WarpText>d__8::MoveNext() code_size=1530 il=411 locals=25 eh=0
linked_native7_sha256=1e0d01ce2ce4af4c7e43cc97044306871de4c8ba064b90d190802d3048634aca
linked_native9_sha256=6b0acdd62e595762c6a529b4b8e8908df1a560e52bdb3b5458cd1fb1c361a241
linked_native10_sha256=8c71e31ae33991e95cc07129c8040d2eebe3b2e7db0006c8702ee39eaf75c595
linked_deterministic_pair=PASS
targets=SkewTextExample/<WarpText>d__7::MoveNext,Zombie::ZC_PoleTestJump,WarpTextExample/<WarpText>d__8::MoveNext
production_promotion=NO
NATIVE10_LINKED_PATCH_PASS
NON_TARGET_ISOLATION_PASS stage=memory methods=2296
NON_TARGET_ISOLATION_PASS stage=reopened methods=2296
NATIVE11_PATCH_PASS linked=True input_mvid=fdcf3f07-8111-41b3-8240-087184183dde output_mvid=fdcf3f07-8111-41b3-8240-087184183dde
TARGET token=0x060007C1 System.Void TMPro.Examples.TMP_TextSelector_A::LateUpdate() code_size=1149 il=312 locals=15 eh=0
NON_TARGET_ISOLATION_PASS stage=memory methods=2296
NON_TARGET_ISOLATION_PASS stage=reopened methods=2296
NATIVE11_PATCH_PASS linked=True input_mvid=fdcf3f07-8111-41b3-8240-087184183dde output_mvid=fdcf3f07-8111-41b3-8240-087184183dde
TARGET token=0x060007C1 System.Void TMPro.Examples.TMP_TextSelector_A::LateUpdate() code_size=1149 il=312 locals=15 eh=0
linked_native7_sha256=1e0d01ce2ce4af4c7e43cc97044306871de4c8ba064b90d190802d3048634aca
linked_native10_sha256=8c71e31ae33991e95cc07129c8040d2eebe3b2e7db0006c8702ee39eaf75c595
linked_native11_sha256=54b41555bc7c124d61ee18b08f3fc10b8ba6b0fc934df9c4a040c95a0cffde5d
linked_deterministic_pair=PASS
targets=SkewText_d7,PoleTestJump,WarpText_d8,TMP_TextSelector_A::LateUpdate
production_promotion=NO
NATIVE11_LINKED_PATCH_PASS
NON_TARGET_ISOLATION_PASS stage=memory methods=2296
NON_TARGET_ISOLATION_PASS stage=reopened methods=2296
NATIVE12_PATCH_PASS linked=True input_mvid=fdcf3f07-8111-41b3-8240-087184183dde output_mvid=fdcf3f07-8111-41b3-8240-087184183dde
TARGET token=0x06000111 System.Single Damage::CalculateAD(T,System.Single,System.Single,DamageAttribute) code_size=71 il=35 locals=0 eh=0 gp=1
NON_TARGET_ISOLATION_PASS stage=memory methods=2296
NON_TARGET_ISOLATION_PASS stage=reopened methods=2296
NATIVE12_PATCH_PASS linked=True input_mvid=fdcf3f07-8111-41b3-8240-087184183dde output_mvid=fdcf3f07-8111-41b3-8240-087184183dde
TARGET token=0x06000111 System.Single Damage::CalculateAD(T,System.Single,System.Single,DamageAttribute) code_size=71 il=35 locals=0 eh=0 gp=1
linked_native7_sha256=1e0d01ce2ce4af4c7e43cc97044306871de4c8ba064b90d190802d3048634aca
linked_native11_sha256=54b41555bc7c124d61ee18b08f3fc10b8ba6b0fc934df9c4a040c95a0cffde5d
linked_native12_sha256=182b06634ee7dea1dd39c57bbc98db5cdce4f05d6050a201273e35a3db40445b
linked_deterministic_pair=PASS
targets=SkewText_d7,PoleTestJump,WarpText_d8,TMP_TextSelector_A::LateUpdate,Damage::CalculateAD<T>
production_promotion=NO
NATIVE12_LINKED_PATCH_PASS
NON_TARGET_ISOLATION_PASS stage=memory methods=2296
NON_TARGET_ISOLATION_PASS stage=reopened methods=2296
NATIVE13_PATCH_PASS input_mvid=fdcf3f07-8111-41b3-8240-087184183dde output_mvid=fdcf3f07-8111-41b3-8240-087184183dde
TARGET token=0x060007C9 System.Void TMPro.Examples.TMP_TextSelector_B::LateUpdate() code_size=1720 il=568 locals=25 eh=0
NON_TARGET_ISOLATION_PASS stage=memory methods=2296
NON_TARGET_ISOLATION_PASS stage=reopened methods=2296
NATIVE13_PATCH_PASS input_mvid=fdcf3f07-8111-41b3-8240-087184183dde output_mvid=fdcf3f07-8111-41b3-8240-087184183dde
TARGET token=0x060007C9 System.Void TMPro.Examples.TMP_TextSelector_B::LateUpdate() code_size=1720 il=568 locals=25 eh=0
linked_native7_sha256=1e0d01ce2ce4af4c7e43cc97044306871de4c8ba064b90d190802d3048634aca
linked_native12_sha256=182b06634ee7dea1dd39c57bbc98db5cdce4f05d6050a201273e35a3db40445b
donor_sha256=a475c59e55b599abc7022849792b61113a7682625059d39d18618c58bb2b67a4
linked_native13_sha256=e7eaa90de7ed308b23efa9f20ef728e2f578523e8eea61a5547f97f85e908548
linked_deterministic_pair=PASS
target=TMPro.Examples.TMP_TextSelector_B::LateUpdate
production_promotion=NO
NATIVE13_LINKED_PATCH_PASS
e7eaa90de7ed308b23efa9f20ef728e2f578523e8eea61a5547f97f85e908548  /workspaces/GodsPVZ-native14-check/.validation/native14/replay-kf2npx8k/canary/Library/Bee/artifacts/iOS/ManagedStripped/GodsPVZRuntime1.dll
