NON_TARGET_ISOLATION_PASS stage=memory methods=2296
NON_TARGET_ISOLATION_PASS stage=reopened methods=2296
NATIVE14_PATCH_PASS linked=False input_mvid=1e1677dd-338e-4e02-9b90-022f43606077 output_mvid=1e1677dd-338e-4e02-9b90-022f43606077
TARGET token=0x06000126 System.Void ElementManager::CreateNewElements(T) code_size=188 il=49 locals=4 eh=1 gp=1
NON_TARGET_ISOLATION_PASS stage=memory methods=2296
NON_TARGET_ISOLATION_PASS stage=reopened methods=2296
NATIVE14_PATCH_PASS linked=False input_mvid=1e1677dd-338e-4e02-9b90-022f43606077 output_mvid=1e1677dd-338e-4e02-9b90-022f43606077
TARGET token=0x06000126 System.Void ElementManager::CreateNewElements(T) code_size=188 il=49 locals=4 eh=1 gp=1
source_native13_sha256=fbc42f136d28916d155b1876139c0b3b19994bdb4bf24aca7eacd8c7556a62b4
native14_sha256=281b7a20d3cc0719b0087be389f10a16e966a85c93bd5f43ef72fd54eaa01614
patcher_program_sha256=5308e27103cf5379ce86d6870273989eb6f87554d43488a667f60e0d24f694d5
patcher_project_sha256=6ef27b704b2744ef56c679a3430d85c2a7dfaa7d45204cf76abd43c013129d4a
deterministic_run_pair=PASS
target=ElementManager::CreateNewElements<T>
target_methoddef=0x06000126
pc_refshare_va=0x180439680
pc_refshare_sha256=191078e9a5434bd3f7d89c411ac132388ebef9799f154acf5889f9541291227e
pc_valueshare_va=0x1804390C0
pc_valueshare_sha256=64a719753c31e448656803a777561aeaf34e1197475ff6a4c5ce9b4c66627cb6
production_promotion=NO
NATIVE14_MATERIALIZATION_PASS
