+ export DOTNET_CLI_TELEMETRY_OPTOUT=1 DOTNET_NOLOGO=1 DOTNET_SKIP_FIRST_TIME_EXPERIENCE=1
+ DOTNET_CLI_TELEMETRY_OPTOUT=1
+ DOTNET_NOLOGO=1
+ DOTNET_SKIP_FIRST_TIME_EXPERIENCE=1
+ B=/workspaces/GodsPVZ-native19/.validation/native22/behave
+ rm -rf /workspaces/GodsPVZ-native19/.validation/native22/behave
+ mkdir -p /workspaces/GodsPVZ-native19/.validation/native22/behave
+ cd /workspaces/GodsPVZ-native19/.validation/native22/behave
+ dotnet new console -o cal --force
+ tail -5
  Determining projects to restore...
  Restored /workspaces/GodsPVZ-native19/.validation/native22/behave/cal/cal.csproj (in 100 ms).
Restore succeeded.


+ cat
+ cd /workspaces/GodsPVZ-native19/.validation/native22/behave/cal
+ dotnet run -c Release
+ tail -60
/workspaces/GodsPVZ-native19/.validation/native22/behave/cal/Program.cs(78,152): warning CS8625: Cannot convert null literal to non-nullable reference type. [/workspaces/GodsPVZ-native19/.validation/native22/behave/cal/cal.csproj]
/workspaces/GodsPVZ-native19/.validation/native22/behave/cal/Program.cs(79,172): warning CS8625: Cannot convert null literal to non-nullable reference type. [/workspaces/GodsPVZ-native19/.validation/native22/behave/cal/cal.csproj]
/workspaces/GodsPVZ-native19/.validation/native22/behave/cal/Program.cs(81,180): warning CS8625: Cannot convert null literal to non-nullable reference type. [/workspaces/GodsPVZ-native19/.validation/native22/behave/cal/cal.csproj]
/workspaces/GodsPVZ-native19/.validation/native22/behave/cal/Program.cs(92,120): warning CS8604: Possible null reference argument for parameter 'field' in 'void ILGenerator.Emit(OpCode opcode, FieldInfo field)'. [/workspaces/GodsPVZ-native19/.validation/native22/behave/cal/cal.csproj]
/workspaces/GodsPVZ-native19/.validation/native22/behave/cal/Program.cs(93,132): warning CS8604: Possible null reference argument for parameter 'field' in 'void ILGenerator.Emit(OpCode opcode, FieldInfo field)'. [/workspaces/GodsPVZ-native19/.validation/native22/behave/cal/cal.csproj]
/workspaces/GodsPVZ-native19/.validation/native22/behave/cal/Program.cs(94,120): warning CS8604: Possible null reference argument for parameter 'field' in 'void ILGenerator.Emit(OpCode opcode, FieldInfo field)'. [/workspaces/GodsPVZ-native19/.validation/native22/behave/cal/cal.csproj]
/workspaces/GodsPVZ-native19/.validation/native22/behave/cal/Program.cs(95,132): warning CS8604: Possible null reference argument for parameter 'field' in 'void ILGenerator.Emit(OpCode opcode, FieldInfo field)'. [/workspaces/GodsPVZ-native19/.validation/native22/behave/cal/cal.csproj]
/workspaces/GodsPVZ-native19/.validation/native22/behave/cal/Program.cs(99,119): warning CS8604: Possible null reference argument for parameter 'field' in 'void ILGenerator.Emit(OpCode opcode, FieldInfo field)'. [/workspaces/GodsPVZ-native19/.validation/native22/behave/cal/cal.csproj]
/workspaces/GodsPVZ-native19/.validation/native22/behave/cal/Program.cs(100,119): warning CS8604: Possible null reference argument for parameter 'field' in 'void ILGenerator.Emit(OpCode opcode, FieldInfo field)'. [/workspaces/GodsPVZ-native19/.validation/native22/behave/cal/cal.csproj]
/workspaces/GodsPVZ-native19/.validation/native22/behave/cal/Program.cs(101,132): warning CS8604: Possible null reference argument for parameter 'field' in 'void ILGenerator.Emit(OpCode opcode, FieldInfo field)'. [/workspaces/GodsPVZ-native19/.validation/native22/behave/cal/cal.csproj]
/workspaces/GodsPVZ-native19/.validation/native22/behave/cal/Program.cs(102,132): warning CS8604: Possible null reference argument for parameter 'field' in 'void ILGenerator.Emit(OpCode opcode, FieldInfo field)'. [/workspaces/GodsPVZ-native19/.validation/native22/behave/cal/cal.csproj]
/workspaces/GodsPVZ-native19/.validation/native22/behave/cal/Program.cs(106,139): warning CS8604: Possible null reference argument for parameter 'field' in 'void ILGenerator.Emit(OpCode opcode, FieldInfo field)'. [/workspaces/GodsPVZ-native19/.validation/native22/behave/cal/cal.csproj]
/workspaces/GodsPVZ-native19/.validation/native22/behave/cal/Program.cs(107,154): warning CS8604: Possible null reference argument for parameter 'field' in 'void ILGenerator.Emit(OpCode opcode, FieldInfo field)'. [/workspaces/GodsPVZ-native19/.validation/native22/behave/cal/cal.csproj]
/workspaces/GodsPVZ-native19/.validation/native22/behave/cal/Program.cs(108,143): warning CS8604: Possible null reference argument for parameter 'field' in 'void ILGenerator.Emit(OpCode opcode, FieldInfo field)'. [/workspaces/GodsPVZ-native19/.validation/native22/behave/cal/cal.csproj]
/workspaces/GodsPVZ-native19/.validation/native22/behave/cal/Program.cs(109,156): warning CS8604: Possible null reference argument for parameter 'field' in 'void ILGenerator.Emit(OpCode opcode, FieldInfo field)'. [/workspaces/GodsPVZ-native19/.validation/native22/behave/cal/cal.csproj]
/workspaces/GodsPVZ-native19/.validation/native22/behave/cal/Program.cs(123,34): warning CS8600: Converting null literal or possible null value to non-nullable type. [/workspaces/GodsPVZ-native19/.validation/native22/behave/cal/cal.csproj]
/workspaces/GodsPVZ-native19/.validation/native22/behave/cal/Program.cs(124,37): warning CS8604: Possible null reference argument for parameter 'con' in 'void ILGenerator.Emit(OpCode opcode, ConstructorInfo con)'. [/workspaces/GodsPVZ-native19/.validation/native22/behave/cal/cal.csproj]
/workspaces/GodsPVZ-native19/.validation/native22/behave/cal/Program.cs(131,89): warning CS8625: Cannot convert null literal to non-nullable reference type. [/workspaces/GodsPVZ-native19/.validation/native22/behave/cal/cal.csproj]
/workspaces/GodsPVZ-native19/.validation/native22/behave/cal/Program.cs(132,107): warning CS8625: Cannot convert null literal to non-nullable reference type. [/workspaces/GodsPVZ-native19/.validation/native22/behave/cal/cal.csproj]
runtime: 10.0.12  .NET 10.0.12

=== 1. reference vs null constant (ceq) ===
  ldnull; ldnull; ceq                            VALUE 1
  ldnull; ldc.i4.0; ceq                          VALUE 1
  obj(non-null); ldnull; ceq                     VALUE 0
  obj(non-null); ldc.i4.0; ceq   [DAMAGED]       VALUE 0
  obj(null); ldnull; ceq                         VALUE 1
  obj(null); ldc.i4.0; ceq       [DAMAGED]       VALUE 1
  StringBuilder(non-null); ldc.i4.0; ceq [DAMAGED] VALUE 0
  StringBuilder(null); ldc.i4.0; ceq     [DAMAGED] VALUE 1

=== 2. genuine integer comparison (must NOT be flipped) ===
  int 5; ldc.i4.0; ceq                           VALUE 0
  int 0; ldc.i4.0; ceq                           VALUE 1
  int 5; ldnull; ceq     [WRONG FLIP]            VALUE 0
  int 0; ldnull; ceq     [WRONG FLIP]            VALUE 1

=== 3. ldfld of a reference field (the game shape) ===
  Box.F=null; ldfld F; ldnull; ceq               VALUE 1
  Box.F=null; ldfld F; ldc.i4.0; ceq [DAMAGED]   VALUE 1
  Box.F=obj;  ldfld F; ldnull; ceq               VALUE 0
  Box.F=obj;  ldfld F; ldc.i4.0; ceq [DAMAGED]   VALUE 0

=== 4. ldfld of an int field (wrong-flip target) ===
  Box.N=0; ldfld N; ldc.i4.0; ceq                VALUE 1
  Box.N=7; ldfld N; ldc.i4.0; ceq                VALUE 0
  Box.N=0; ldfld N; ldnull; ceq   [WRONG FLIP]   VALUE 1
  Box.N=7; ldfld N; ldnull; ceq   [WRONG FLIP]   VALUE 0

=== 5. stfld: storing the constant zero into a field ===
  stfld F(object) <- ldnull                      VALUE <void>
  stfld F(object) <- ldc.i4.0  [DAMAGED]         VALUE <void>
  stfld N(int)    <- ldc.i4.0                    VALUE <void>
  stfld N(int)    <- ldnull     [WRONG FLIP]     VALUE <void>

=== 6. the full game shape: ceq -> stloc -> brtrue -> throw ===
  guard ldnull,  arg=non-null                    THROW System.InvalidProgramException
  guard ldc.i4.0, arg=non-null [DAMAGED]         THROW System.InvalidProgramException
  guard ldnull,  arg=null                        THROW System.InvalidProgramException
  guard ldc.i4.0, arg=null      [DAMAGED]        THROW System.InvalidProgramException
